Available subcommands:
	a	a command
	a:a	aanother command
	a:b	abnother command
	b	b command
	c:a	ACommand
	c:b	Already chewed command
	c:b:a	CBA Command
	c:b:b	CBB command